// Vitest Snapshot v1, https://vitest.dev/guide/snapshot.html

exports[`<EpisodeDetailPage /> > should match the snapshot 1`] = `
<div>
  <section
    class="grid grid-cols-[1fr_3fr] gap-20 m-5"
  >
    <div
      class="shadow-xl span-2"
    >
      <p>
        LOADING...
      </p>
    </div>
    <div
      class="grid p-6 pl-5 text-2xl shadow-xl h-fit"
    >
      <p>
        LOADING...
      </p>
    </div>
  </section>
</div>
`;
